{"level":"error","message":"Route not found: /api/v1/admin/dashboard","method":"GET","route":"/api/v1/admin/dashboard","status":404,"timestamp":"2026-07-05T11:12:51.108Z"}
{"level":"error","message":"Route not found: /api/v1/admin/dashboard","method":"GET","route":"/api/v1/admin/dashboard","status":404,"timestamp":"2026-07-05T11:12:51.115Z"}
{"level":"error","message":"Route not found: /api/v1/admin/analytics","method":"GET","route":"/api/v1/admin/analytics","status":404,"timestamp":"2026-07-05T11:12:51.119Z"}
{"level":"error","message":"Route not found: /api/v1/admin/analytics","method":"GET","route":"/api/v1/admin/analytics","status":404,"timestamp":"2026-07-05T11:12:51.123Z"}
{"level":"error","message":"Route not found: /api/v1/admin/dashboard","method":"GET","route":"/api/v1/admin/dashboard","status":404,"timestamp":"2026-07-05T11:21:25.839Z"}
{"level":"error","message":"Route not found: /api/v1/admin/analytics","method":"GET","route":"/api/v1/admin/analytics","status":404,"timestamp":"2026-07-05T11:21:25.843Z"}
{"level":"error","message":"Route not found: /api/v1/admin/analytics","method":"GET","route":"/api/v1/admin/analytics","status":404,"timestamp":"2026-07-05T11:21:25.846Z"}
{"level":"error","message":"Route not found: /api/v1/admin/dashboard","method":"GET","route":"/api/v1/admin/dashboard","status":404,"timestamp":"2026-07-05T11:21:25.849Z"}
{"level":"error","message":"Route not found: /api/v1/admin/dashboard","method":"GET","route":"/api/v1/admin/dashboard","status":404,"timestamp":"2026-07-05T11:23:12.182Z"}
{"level":"error","message":"Route not found: /api/v1/admin/analytics","method":"GET","route":"/api/v1/admin/analytics","status":404,"timestamp":"2026-07-05T11:23:12.186Z"}
{"level":"error","message":"Route not found: /api/v1/admin/dashboard","method":"GET","route":"/api/v1/admin/dashboard","status":404,"timestamp":"2026-07-05T11:23:12.188Z"}
{"level":"error","message":"Route not found: /api/v1/admin/analytics","method":"GET","route":"/api/v1/admin/analytics","status":404,"timestamp":"2026-07-05T11:23:12.190Z"}
{"level":"error","message":"Route not found: /api/v1/admin/backup","method":"POST","route":"/api/v1/admin/backup","status":404,"timestamp":"2026-07-05T11:24:50.194Z"}
{"level":"error","message":"Route not found: /api/v1/admin/backup","method":"POST","route":"/api/v1/admin/backup","status":404,"timestamp":"2026-07-05T11:24:53.852Z"}
{"level":"error","message":"Route not found: /api/v1/admin/backup","method":"POST","route":"/api/v1/admin/backup","status":404,"timestamp":"2026-07-05T11:25:17.239Z"}
{"level":"error","message":"Route not found: /favicon.ico","method":"GET","route":"/favicon.ico","status":404,"timestamp":"2026-07-05T11:30:49.430Z"}
{"level":"error","message":"Route not found: /api/v1/admin/dashboard","method":"GET","route":"/api/v1/admin/dashboard","status":404,"timestamp":"2026-07-05T11:32:09.255Z"}
{"level":"error","message":"Route not found: /api/v1/admin/dashboard","method":"GET","route":"/api/v1/admin/dashboard","status":404,"timestamp":"2026-07-05T11:32:09.259Z"}
{"level":"error","message":"Route not found: /api/v1/admin/analytics","method":"GET","route":"/api/v1/admin/analytics","status":404,"timestamp":"2026-07-05T11:32:09.263Z"}
{"level":"error","message":"Route not found: /api/v1/admin/analytics","method":"GET","route":"/api/v1/admin/analytics","status":404,"timestamp":"2026-07-05T11:32:09.266Z"}
{"level":"error","message":"Route not found: /api/v1/admin/dashboard","method":"GET","route":"/api/v1/admin/dashboard","status":404,"timestamp":"2026-07-05T11:35:22.919Z"}
{"level":"error","message":"Route not found: /api/v1/admin/dashboard","method":"GET","route":"/api/v1/admin/dashboard","status":404,"timestamp":"2026-07-05T11:35:22.932Z"}
{"level":"error","message":"totalComplaints is not defined","method":"GET","route":"/api/v1/admin/analytics","status":500,"timestamp":"2026-07-05T11:35:23.005Z"}
{"level":"error","message":"totalComplaints is not defined","method":"GET","route":"/api/v1/admin/analytics","status":500,"timestamp":"2026-07-05T11:35:23.050Z"}
{"level":"error","message":"Route not found: /api/v1/admin/dashboard","method":"GET","route":"/api/v1/admin/dashboard","status":404,"timestamp":"2026-07-05T11:35:32.730Z"}
{"level":"error","message":"Route not found: /api/v1/admin/dashboard","method":"GET","route":"/api/v1/admin/dashboard","status":404,"timestamp":"2026-07-05T11:35:32.734Z"}
{"level":"error","message":"totalComplaints is not defined","method":"GET","route":"/api/v1/admin/analytics","status":500,"timestamp":"2026-07-05T11:35:32.761Z"}
{"level":"error","message":"totalComplaints is not defined","method":"GET","route":"/api/v1/admin/analytics","status":500,"timestamp":"2026-07-05T11:35:32.782Z"}
{"level":"error","message":"Route not found: /api/v1/admin/backup","method":"POST","route":"/api/v1/admin/backup","status":404,"timestamp":"2026-07-05T11:46:11.153Z"}
